// Jest Snapshot v1, https://goo.gl/fbAQLP

exports[`Pruebas en <GifItem/> Match snapshot 1`] = `
<div>
  <div
    class="card"
  >
    <img
      alt="River Plate"
      src="https://carp.com.ar/river.jpg"
    />
    <p>
      River Plate
    </p>
  </div>
</div>
`;
